// Jest Snapshot v1, https://goo.gl/fbAQLP

exports[`renders Calculator component 1`] = `
<div>
  <div
    class="main-cont"
  >
    <article>
      <h2>
        Let's do some math!
      </h2>
    </article>
    <article>
      <div
        class="calc-container"
      >
        <div
          class="row"
        >
          <div
            class="Display"
          >
            0
          </div>
        </div>
        <div
          class="row"
        >
          <button
            class="key "
            type="button"
          >
            AC
          </button>
          <button
            class="key "
            type="button"
          >
            +/-
          </button>
          <button
            class="key "
            type="button"
          >
            %
          </button>
          <button
            class="key orange"
            type="button"
          >
            รท
          </button>
        </div>
        <div
          class="row"
        >
          <button
            class="key "
            type="button"
          >
            7
          </button>
          <button
            class="key "
            type="button"
          >
            8
          </button>
          <button
            class="key "
            type="button"
          >
            9
          </button>
          <button
            class="key orange"
            type="button"
          >
            x
          </button>
        </div>
        <div
          class="row"
        >
          <button
            class="key "
            type="button"
          >
            4
          </button>
          <button
            class="key "
            type="button"
          >
            5
          </button>
          <button
            class="key "
            type="button"
          >
            6
          </button>
          <button
            class="key orange"
            type="button"
          >
            -
          </button>
        </div>
        <div
          class="row"
        >
          <button
            class="key "
            type="button"
          >
            1
          </button>
          <button
            class="key "
            type="button"
          >
            2
          </button>
          <button
            class="key "
            type="button"
          >
            3
          </button>
          <button
            class="key orange"
            type="button"
          >
            +
          </button>
        </div>
        <div
          class="row last-row"
        >
          <button
            class="key "
            type="button"
          >
            0
          </button>
          <button
            class="key "
            type="button"
          >
            .
          </button>
          <button
            class="key orange"
            type="button"
          >
            =
          </button>
        </div>
      </div>
    </article>
  </div>
</div>
`;
