// Jest Snapshot v1, https://goo.gl/fbAQLP

exports[`Key component should match the snapshot 1`] = `
<div>
  <button
    class="key "
    type="button"
  >
    Button Text
  </button>
</div>
`;
